{
  "config": {
    "width": 10,
    "height": 6,
    "division_y": 3,
    "tram_door_x": 5,
    "tram_door_width": 2,
    "tram_length": 8,
    "num_boarding_agents": 2,
    "num_exiting_agents": 1,
    "exiting_destination_area_y": 0,
    "boarding_destination_area_y": 5
  },
  "initial_observations": {
    "boarding_0": [
      0,
      2,
      5,
      3,
      4,
      6,
      -1,
      -1,
      6,
      1,
      3,
      5
    ],
    "boarding_1": [
      6,
      1,
      5,
      3,
      4,
      6,
      0,
      2,
      -1,
      -1,
      3,
      5
    ],
    "exiting_0": [
      3,
      5,
      5,
      3,
      4,
      6,
      0,
      2,
      6,
      1,
      -1,
      -1
    ]
  },
  "initial_infos": {
    "boarding_0": {
      "agent_type": "boarding"
    },
    "boarding_1": {
      "agent_type": "boarding"
    },
    "exiting_0": {
      "agent_type": "exiting"
    }
  },
  "steps": [
    {
      "step": 0,
      "actions": {
        "boarding_0": 0,
        "boarding_1": 2,
        "exiting_0": 3
      },
      "observations": {
        "boarding_0": [
          0,
          2,
          5,
          3,
          4,
          6,
          -1,
          -1,
          6,
          1,
          3,
          5
        ],
        "boarding_1": [
          6,
          1,
          5,
          3,
          4,
          6,
          0,
          2,
          -1,
          -1,
          3,
          5
        ],
        "exiting_0": [
          3,
          5,
          5,
          3,
          4,
          6,
          0,
          2,
          6,
          1,
          -1,
          -1
        ]
      },
      "next_observations": {
        "boarding_0": [
          1,
          2,
          5,
          3,
          4,
          6,
          -1,
          -1,
          6,
          1,
          3,
          5
        ],
        "boarding_1": [
          5,
          1,
          5,
          3,
          4,
          6,
          1,
          2,
          -1,
          -1,
          3,
          5
        ],
        "exiting_0": [
          3,
          4,
          5,
          3,
          4,
          6,
          1,
          2,
          5,
          1,
          -1,
          -1
        ]
      },
      "next_rewards": {
        "boarding_0": 999.0,
        "boarding_1": -0.2,
        "exiting_0": 0.30000000000000004
      },
      "next_terminated": {
        "boarding_0": false,
        "boarding_1": false,
        "exiting_0": false,
        "__all__": false
      },
      "next_truncated": {
        "boarding_0": false,
        "boarding_1": false,
        "exiting_0": false,
        "__all__": false
      },
      "next_infos": {
        "boarding_0": {
          "agent_type": "boarding",
          "in_tram_area": false,
          "at_door": false
        },
        "boarding_1": {
          "agent_type": "boarding",
          "in_tram_area": false,
          "at_door": false
        },
        "exiting_0": {
          "agent_type": "exiting",
          "in_tram_area": true,
          "at_door": false
        }
      }
    },
    {
      "step": 1,
      "actions": {
        "boarding_0": 0,
        "boarding_1": 2,
        "exiting_0": 3
      },
      "observations": {
        "boarding_0": [
          1,
          2,
          5,
          3,
          4,
          6,
          -1,
          -1,
          6,
          1,
          3,
          5
        ],
        "boarding_1": [
          5,
          1,
          5,
          3,
          4,
          6,
          1,
          2,
          -1,
          -1,
          3,
          5
        ],
        "exiting_0": [
          3,
          4,
          5,
          3,
          4,
          6,
          1,
          2,
          5,
          1,
          -1,
          -1
        ]
      },
      "next_observations": {
        "boarding_0": [
          2,
          2,
          5,
          3,
          4,
          6,
          -1,
          -1,
          5,
          1,
          3,
          4
        ],
        "boarding_1": [
          4,
          1,
          5,
          3,
          4,
          6,
          2,
          2,
          -1,
          -1,
          3,
          4
        ],
        "exiting_0": [
          3,
          3,
          5,
          3,
          4,
          6,
          2,
          2,
          4,
          1,
          -1,
          -1
        ]
      },
      "next_rewards": {
        "boarding_0": -0.4,
        "boarding_1": -0.30000000000000004,
        "exiting_0": 0.2
      },
      "next_terminated": {
        "boarding_0": false,
        "boarding_1": false,
        "exiting_0": false,
        "__all__": false
      },
      "next_truncated": {
        "boarding_0": false,
        "boarding_1": false,
        "exiting_0": false,
        "__all__": false
      },
      "next_infos": {
        "boarding_0": {
          "agent_type": "boarding",
          "in_tram_area": false,
          "at_door": false
        },
        "boarding_1": {
          "agent_type": "boarding",
          "in_tram_area": false,
          "at_door": false
        },
        "exiting_0": {
          "agent_type": "exiting",
          "in_tram_area": true,
          "at_door": false
        }
      }
    },
    {
      "step": 2,
      "actions": {
        "boarding_0": 0,
        "boarding_1": 2,
        "exiting_0": 3
      },
      "observations": {
        "boarding_0": [
          2,
          2,
          5,
          3,
          4,
          6,
          -1,
          -1,
          5,
          1,
          3,
          4
        ],
        "boarding_1": [
          4,
          1,
          5,
          3,
          4,
          6,
          2,
          2,
          -1,
          -1,
          3,
          4
        ],
        "exiting_0": [
          3,
          3,
          5,
          3,
          4,
          6,
          2,
          2,
          4,
          1,
          -1,
          -1
        ]
      },
      "next_observations": {
        "boarding_0": [
          3,
          2,
          5,
          3,
          4,
          6,
          -1,
          -1,
          4,
          1,
          3,
          3
        ],
        "boarding_1": [
          3,
          1,
          5,
          3,
          4,
          6,
          3,
          2,
          -1,
          -1,
          3,
          3
        ],
        "exiting_0": [
          3,
          3,
          5,
          3,
          4,
          6,
          3,
          2,
          3,
          1,
          -1,
          -1
        ]
      },
      "next_rewards": {
        "boarding_0": -0.30000000000000004,
        "boarding_1": -0.4,
        "exiting_0": 0.2
      },
      "next_terminated": {
        "boarding_0": false,
        "boarding_1": false,
        "exiting_0": false,
        "__all__": false
      },
      "next_truncated": {
        "boarding_0": false,
        "boarding_1": false,
        "exiting_0": false,
        "__all__": false
      },
      "next_infos": {
        "boarding_0": {
          "agent_type": "boarding",
          "in_tram_area": false,
          "at_door": false
        },
        "boarding_1": {
          "agent_type": "boarding",
          "in_tram_area": false,
          "at_door": false
        },
        "exiting_0": {
          "agent_type": "exiting",
          "in_tram_area": true,
          "at_door": false
        }
      }
    },
    {
      "step": 3,
      "actions": {
        "boarding_0": 0,
        "boarding_1": 2,
        "exiting_0": 3
      },
      "observations": {
        "boarding_0": [
          3,
          2,
          5,
          3,
          4,
          6,
          -1,
          -1,
          4,
          1,
          3,
          3
        ],
        "boarding_1": [
          3,
          1,
          5,
          3,
          4,
          6,
          3,
          2,
          -1,
          -1,
          3,
          3
        ],
        "exiting_0": [
          3,
          3,
          5,
          3,
          4,
          6,
          3,
          2,
          3,
          1,
          -1,
          -1
        ]
      },
      "next_observations": {
        "boarding_0": [
          4,
          2,
          5,
          3,
          4,
          6,
          -1,
          -1,
          3,
          1,
          3,
          3
        ],
        "boarding_1": [
          2,
          1,
          5,
          3,
          4,
          6,
          4,
          2,
          -1,
          -1,
          3,
          3
        ],
        "exiting_0": [
          3,
          3,
          5,
          3,
          4,
          6,
          4,
          2,
          2,
          1,
          -1,
          -1
        ]
      },
      "next_rewards": {
        "boarding_0": -0.2,
        "boarding_1": -0.5,
        "exiting_0": 0.2
      },
      "next_terminated": {
        "boarding_0": false,
        "boarding_1": false,
        "exiting_0": false,
        "__all__": false
      },
      "next_truncated": {
        "boarding_0": false,
        "boarding_1": false,
        "exiting_0": false,
        "__all__": false
      },
      "next_infos": {
        "boarding_0": {
          "agent_type": "boarding",
          "in_tram_area": false,
          "at_door": false
        },
        "boarding_1": {
          "agent_type": "boarding",
          "in_tram_area": false,
          "at_door": false
        },
        "exiting_0": {
          "agent_type": "exiting",
          "in_tram_area": true,
          "at_door": false
        }
      }
    },
    {
      "step": 4,
      "actions": {
        "boarding_0": 0,
        "boarding_1": 2,
        "exiting_0": 3
      },
      "observations": {
        "boarding_0": [
          4,
          2,
          5,
          3,
          4,
          6,
          -1,
          -1,
          3,
          1,
          3,
          3
        ],
        "boarding_1": [
          2,
          1,
          5,
          3,
          4,
          6,
          4,
          2,
          -1,
          -1,
          3,
          3
        ],
        "exiting_0": [
          3,
          3,
          5,
          3,
          4,
          6,
          4,
          2,
          2,
          1,
          -1,
          -1
        ]
      },
      "next_observations": {
        "boarding_0": [
          5,
          2,
          5,
          3,
          4,
          6,
          -1,
          -1,
          2,
          1,
          3,
          3
        ],
        "boarding_1": [
          1,
          1,
          5,
          3,
          4,
          6,
          5,
          2,
          -1,
          -1,
          3,
          3
        ],
        "exiting_0": [
          3,
          3,
          5,
          3,
          4,
          6,
          5,
          2,
          1,
          1,
          -1,
          -1
        ]
      },
      "next_rewards": {
        "boarding_0": -0.1,
        "boarding_1": -0.6000000000000001,
        "exiting_0": 0.2
      },
      "next_terminated": {
        "boarding_0": false,
        "boarding_1": false,
        "exiting_0": false,
        "__all__": false
      },
      "next_truncated": {
        "boarding_0": false,
        "boarding_1": false,
        "exiting_0": false,
        "__all__": false
      },
      "next_infos": {
        "boarding_0": {
          "agent_type": "boarding",
          "in_tram_area": false,
          "at_door": false
        },
        "boarding_1": {
          "agent_type": "boarding",
          "in_tram_area": false,
          "at_door": false
        },
        "exiting_0": {
          "agent_type": "exiting",
          "in_tram_area": true,
          "at_door": false
        }
      }
    }
  ]
}